Picked up JAVA_TOOL_OPTIONS: -Djava.awt.headless=true
[INFO] Scanning for projects...
[INFO] 
[INFO] ----------------- maven-git-versioning-extension:5.2.0 -----------------
[INFO] Adjusting project models...
[INFO] 
[INFO] --- com.flatirons.insight:insight-root @ branch kwesley/analysis-journey-spines ---
[INFO] project version: 999.999-kwesley-analysis-journey-spines-SNAPSHOT
[INFO] properties:
[INFO]   flatirons.versionRange: [0-${flatirons.parentBranch}-SNAPSHOT, 0-${flatirons.parentBranch}-Z-SNAPSHOT),[999.999-kwesley-analysis-journey-spines-SNAPSHOT,999.999-kwesley-analysis-journey-spines-Z-SNAPSHOT)
[INFO] 
[INFO] --- com.flatirons.insight:insight-config @ branch kwesley/analysis-journey-spines ---
[INFO] parent version: 999.999-kwesley-analysis-journey-spines-SNAPSHOT
[INFO] 
[INFO] --- com.flatirons.insight:insight-model @ branch kwesley/analysis-journey-spines ---
[INFO] parent version: 999.999-kwesley-analysis-journey-spines-SNAPSHOT
[INFO] 
[INFO] --- com.flatirons.insight:insight-dao @ branch kwesley/analysis-journey-spines ---
[INFO] parent version: 999.999-kwesley-analysis-journey-spines-SNAPSHOT
[INFO] 
[INFO] --- com.flatirons.insight:insight-rest @ branch kwesley/analysis-journey-spines ---
[INFO] parent version: 999.999-kwesley-analysis-journey-spines-SNAPSHOT
[INFO] 
[INFO] --- com.flatirons.insight:insight-service @ branch kwesley/analysis-journey-spines ---
[INFO] parent version: 999.999-kwesley-analysis-journey-spines-SNAPSHOT
[INFO] properties:
[INFO] 
[INFO] --- com.flatirons.insight:insight-api @ branch kwesley/analysis-journey-spines ---
[INFO] parent version: 999.999-kwesley-analysis-journey-spines-SNAPSHOT
[INFO] 
[INFO] --- com.flatirons.insight:insight-package @ branch kwesley/analysis-journey-spines ---
[INFO] parent version: 999.999-kwesley-analysis-journey-spines-SNAPSHOT
[INFO] 
[INFO] ------------------------------------------------------------------------
[INFO] Reactor Build Order:
[INFO] 
[INFO] Insight Server                                                     [pom]
[INFO] Insight - API                                                      [jar]
[INFO] Insight - Spring Configuration                                     [jar]
[INFO] Insight - Model                                                    [jar]
[INFO] Insight - Entity and Repository                                    [jar]
[INFO] Insight - Service                                                  [jar]
[INFO] Insight - REST                                                     [jar]
[INFO] 
[INFO] -----------------< com.flatirons.insight:insight-root >-----------------
[INFO] Building Insight Server 999.999-kwesley-analysis-journey-spines-SNAPSHOT [1/7]
[INFO]   from pom.xml
[INFO] --------------------------------[ pom ]---------------------------------
[INFO] 
[INFO] --- git-versioning-extension:5.2.0:git-versioning (git-versioning) @ insight-root ---
[INFO] Generating git versioned POM
[INFO] 
[INFO] -----------------< com.flatirons.insight:insight-api >------------------
[INFO] Building Insight - API 999.999-kwesley-analysis-journey-spines-SNAPSHOT [2/7]
[INFO]   from insight-api/pom.xml
[INFO] --------------------------------[ jar ]---------------------------------
[INFO] 
[INFO] --- jacoco:0.8.12:prepare-agent (prepare-agent) @ insight-api ---
[INFO] argLine set to -javaagent:/Users/kylewesley/.workq-pool/bases/insight-server/cow-clones/workq_wi_bec92738-11c3-4684-8347-2a580910dd49/.workq/maven-repository/org/jacoco/org.jacoco.agent/0.8.12/org.jacoco.agent-0.8.12-runtime.jar=destfile=/Users/kylewesley/.workq-pool/bases/insight-server/cow-clones/workq_wi_bec92738-11c3-4684-8347-2a580910dd49/insight-api/target/jacoco.exec
[INFO] 
[INFO] --- git-versioning-extension:5.2.0:git-versioning (git-versioning) @ insight-api ---
[INFO] Generating git versioned POM
[INFO] 
[INFO] --- resources:3.3.0:resources (default-resources) @ insight-api ---
[INFO] skip non existing resourceDirectory /Users/kylewesley/.workq-pool/bases/insight-server/cow-clones/workq_wi_bec92738-11c3-4684-8347-2a580910dd49/insight-api/src/main/resources
[INFO] 
[INFO] --- compiler:3.11.0:compile (default-compile) @ insight-api ---
[WARNING]  Parameter 'optimize' (user property 'maven.compiler.optimize') is deprecated: This property is a no-op in javac.
[INFO] Nothing to compile - all classes are up to date
[INFO] 
[INFO] --- resources:3.3.0:testResources (default-testResources) @ insight-api ---
[INFO] skip non existing resourceDirectory /Users/kylewesley/.workq-pool/bases/insight-server/cow-clones/workq_wi_bec92738-11c3-4684-8347-2a580910dd49/insight-api/src/test/resources
[INFO] 
[INFO] --- compiler:3.11.0:testCompile (default-testCompile) @ insight-api ---
[WARNING]  Parameter 'optimize' (user property 'maven.compiler.optimize') is deprecated: This property is a no-op in javac.
[INFO] Nothing to compile - all classes are up to date
[INFO] 
[INFO] --- surefire:3.1.2:test (default-test) @ insight-api ---
[INFO] 
[INFO] ----------------< com.flatirons.insight:insight-config >----------------
[INFO] Building Insight - Spring Configuration 999.999-kwesley-analysis-journey-spines-SNAPSHOT [3/7]
[INFO]   from insight-config/pom.xml
[INFO] --------------------------------[ jar ]---------------------------------
[INFO] 
[INFO] --- jacoco:0.8.12:prepare-agent (prepare-agent) @ insight-config ---
[INFO] argLine set to -javaagent:/Users/kylewesley/.workq-pool/bases/insight-server/cow-clones/workq_wi_bec92738-11c3-4684-8347-2a580910dd49/.workq/maven-repository/org/jacoco/org.jacoco.agent/0.8.12/org.jacoco.agent-0.8.12-runtime.jar=destfile=/Users/kylewesley/.workq-pool/bases/insight-server/cow-clones/workq_wi_bec92738-11c3-4684-8347-2a580910dd49/insight-config/target/jacoco.exec
[INFO] 
[INFO] --- git-versioning-extension:5.2.0:git-versioning (git-versioning) @ insight-config ---
[INFO] Generating git versioned POM
[INFO] 
[INFO] --- resources:3.3.0:resources (default-resources) @ insight-config ---
[INFO] skip non existing resourceDirectory /Users/kylewesley/.workq-pool/bases/insight-server/cow-clones/workq_wi_bec92738-11c3-4684-8347-2a580910dd49/insight-config/src/main/resources
[INFO] 
[INFO] --- compiler:3.11.0:compile (default-compile) @ insight-config ---
[WARNING]  Parameter 'optimize' (user property 'maven.compiler.optimize') is deprecated: This property is a no-op in javac.
[INFO] Nothing to compile - all classes are up to date
[INFO] 
[INFO] --- resources:3.3.0:testResources (default-testResources) @ insight-config ---
[INFO] skip non existing resourceDirectory /Users/kylewesley/.workq-pool/bases/insight-server/cow-clones/workq_wi_bec92738-11c3-4684-8347-2a580910dd49/insight-config/src/test/resources
[INFO] 
[INFO] --- compiler:3.11.0:testCompile (default-testCompile) @ insight-config ---
[WARNING]  Parameter 'optimize' (user property 'maven.compiler.optimize') is deprecated: This property is a no-op in javac.
[INFO] Nothing to compile - all classes are up to date
[INFO] 
[INFO] --- surefire:3.1.2:test (default-test) @ insight-config ---
[INFO] 
[INFO] ----------------< com.flatirons.insight:insight-model >-----------------
[INFO] Building Insight - Model 999.999-kwesley-analysis-journey-spines-SNAPSHOT [4/7]
[INFO]   from insight-model/pom.xml
[INFO] --------------------------------[ jar ]---------------------------------
[INFO] 
[INFO] --- jacoco:0.8.12:prepare-agent (prepare-agent) @ insight-model ---
[INFO] argLine set to -javaagent:/Users/kylewesley/.workq-pool/bases/insight-server/cow-clones/workq_wi_bec92738-11c3-4684-8347-2a580910dd49/.workq/maven-repository/org/jacoco/org.jacoco.agent/0.8.12/org.jacoco.agent-0.8.12-runtime.jar=destfile=/Users/kylewesley/.workq-pool/bases/insight-server/cow-clones/workq_wi_bec92738-11c3-4684-8347-2a580910dd49/insight-model/target/jacoco.exec
[INFO] 
[INFO] --- git-versioning-extension:5.2.0:git-versioning (git-versioning) @ insight-model ---
[INFO] Generating git versioned POM
[INFO] 
[INFO] --- resources:3.3.0:resources (default-resources) @ insight-model ---
[INFO] skip non existing resourceDirectory /Users/kylewesley/.workq-pool/bases/insight-server/cow-clones/workq_wi_bec92738-11c3-4684-8347-2a580910dd49/insight-model/src/main/resources
[INFO] 
[INFO] --- compiler:3.11.0:compile (default-compile) @ insight-model ---
[WARNING]  Parameter 'optimize' (user property 'maven.compiler.optimize') is deprecated: This property is a no-op in javac.
[INFO] Nothing to compile - all classes are up to date
[INFO] 
[INFO] --- resources:3.3.0:testResources (default-testResources) @ insight-model ---
[INFO] skip non existing resourceDirectory /Users/kylewesley/.workq-pool/bases/insight-server/cow-clones/workq_wi_bec92738-11c3-4684-8347-2a580910dd49/insight-model/src/test/resources
[INFO] 
[INFO] --- compiler:3.11.0:testCompile (default-testCompile) @ insight-model ---
[WARNING]  Parameter 'optimize' (user property 'maven.compiler.optimize') is deprecated: This property is a no-op in javac.
[INFO] Nothing to compile - all classes are up to date
[INFO] 
[INFO] --- surefire:3.1.2:test (default-test) @ insight-model ---
[INFO] 
[INFO] -----------------< com.flatirons.insight:insight-dao >------------------
[INFO] Building Insight - Entity and Repository 999.999-kwesley-analysis-journey-spines-SNAPSHOT [5/7]
[INFO]   from insight-dao/pom.xml
[INFO] --------------------------------[ jar ]---------------------------------
[INFO] 
[INFO] --- jacoco:0.8.12:prepare-agent (prepare-agent) @ insight-dao ---
[INFO] argLine set to -javaagent:/Users/kylewesley/.workq-pool/bases/insight-server/cow-clones/workq_wi_bec92738-11c3-4684-8347-2a580910dd49/.workq/maven-repository/org/jacoco/org.jacoco.agent/0.8.12/org.jacoco.agent-0.8.12-runtime.jar=destfile=/Users/kylewesley/.workq-pool/bases/insight-server/cow-clones/workq_wi_bec92738-11c3-4684-8347-2a580910dd49/insight-dao/target/jacoco.exec
[INFO] 
[INFO] --- git-versioning-extension:5.2.0:git-versioning (git-versioning) @ insight-dao ---
[INFO] Generating git versioned POM
[INFO] 
[INFO] --- resources:3.3.0:resources (default-resources) @ insight-dao ---
[INFO] Copying 33 resources
[INFO] 
[INFO] --- compiler:3.11.0:compile (default-compile) @ insight-dao ---
[WARNING]  Parameter 'optimize' (user property 'maven.compiler.optimize') is deprecated: This property is a no-op in javac.
[INFO] Nothing to compile - all classes are up to date
[INFO] 
[INFO] --- resources:3.3.0:testResources (default-testResources) @ insight-dao ---
[INFO] skip non existing resourceDirectory /Users/kylewesley/.workq-pool/bases/insight-server/cow-clones/workq_wi_bec92738-11c3-4684-8347-2a580910dd49/insight-dao/src/test/resources
[INFO] 
[INFO] --- compiler:3.11.0:testCompile (default-testCompile) @ insight-dao ---
[WARNING]  Parameter 'optimize' (user property 'maven.compiler.optimize') is deprecated: This property is a no-op in javac.
[INFO] Nothing to compile - all classes are up to date
[INFO] 
[INFO] --- surefire:3.1.2:test (default-test) @ insight-dao ---
[INFO] 
[INFO] ---------------< com.flatirons.insight:insight-service >----------------
[INFO] Building Insight - Service 999.999-kwesley-analysis-journey-spines-SNAPSHOT [6/7]
[INFO]   from insight-service/pom.xml
[INFO] --------------------------------[ jar ]---------------------------------
[INFO] 
[INFO] --- antrun:3.1.0:run (clear-customer-parity-results) @ insight-service ---
[INFO] Executing tasks
[INFO] Executed tasks
[INFO] 
[INFO] --- jacoco:0.8.12:prepare-agent (prepare-agent) @ insight-service ---
[INFO] argLine set to -javaagent:/Users/kylewesley/.workq-pool/bases/insight-server/cow-clones/workq_wi_bec92738-11c3-4684-8347-2a580910dd49/.workq/maven-repository/org/jacoco/org.jacoco.agent/0.8.12/org.jacoco.agent-0.8.12-runtime.jar=destfile=/Users/kylewesley/.workq-pool/bases/insight-server/cow-clones/workq_wi_bec92738-11c3-4684-8347-2a580910dd49/insight-service/target/jacoco.exec
[INFO] 
[INFO] --- git-versioning-extension:5.2.0:git-versioning (git-versioning) @ insight-service ---
[INFO] Generating git versioned POM
[INFO] 
[INFO] --- build-helper:3.2.0:add-source (add-generated) @ insight-service ---
[INFO] Source directory: /Users/kylewesley/.workq-pool/bases/insight-server/cow-clones/workq_wi_bec92738-11c3-4684-8347-2a580910dd49/insight-service/target/generated-sources/annotations added.
[INFO] 
[INFO] --- resources:3.3.0:resources (default-resources) @ insight-service ---
[INFO] Copying 11 resources
[INFO] 
[INFO] --- compiler:3.11.0:compile (default-compile) @ insight-service ---
[WARNING]  Parameter 'optimize' (user property 'maven.compiler.optimize') is deprecated: This property is a no-op in javac.
[INFO] Nothing to compile - all classes are up to date
[INFO] 
[INFO] --- resources:3.3.0:copy-resources (copy-test-resources) @ insight-service ---
[INFO] skip non existing resourceDirectory /Users/kylewesley/.workq-pool/bases/insight-server/cow-clones/workq_wi_bec92738-11c3-4684-8347-2a580910dd49/insight-service/../etc-package/src/test/resources
[INFO] 
[INFO] --- resources:3.3.0:testResources (default-testResources) @ insight-service ---
[INFO] Copying 47 resources
[INFO] 
[INFO] --- compiler:3.11.0:testCompile (default-testCompile) @ insight-service ---
[WARNING]  Parameter 'optimize' (user property 'maven.compiler.optimize') is deprecated: This property is a no-op in javac.
[INFO] Changes detected - recompiling the module! :source
[INFO] Compiling 112 source files with javac [debug optimize deprecation release 21] to target/test-classes
[WARNING] The following options were not recognized by any processor: '[mapstruct.defaultComponentModel]'
[WARNING] /Users/kylewesley/.workq-pool/bases/insight-server/cow-clones/workq_wi_bec92738-11c3-4684-8347-2a580910dd49/insight-service/src/test/java/com/flatirons/insight/scenario/WorkflowAnalysisScenarioTest.java:[311,31] fields() in com.fasterxml.jackson.databind.JsonNode has been deprecated
[WARNING] /Users/kylewesley/.workq-pool/bases/insight-server/cow-clones/workq_wi_bec92738-11c3-4684-8347-2a580910dd49/insight-service/src/test/java/com/flatirons/insight/scenario/WorkflowAnalysisScenarioTest.java:[316,35] fields() in com.fasterxml.jackson.databind.JsonNode has been deprecated
[WARNING] /Users/kylewesley/.workq-pool/bases/insight-server/cow-clones/workq_wi_bec92738-11c3-4684-8347-2a580910dd49/insight-service/src/test/java/com/flatirons/insight/scenario/WorkflowAnalysisScenarioTest.java:[337,30] fields() in com.fasterxml.jackson.databind.JsonNode has been deprecated
[WARNING] /Users/kylewesley/.workq-pool/bases/insight-server/cow-clones/workq_wi_bec92738-11c3-4684-8347-2a580910dd49/insight-service/src/test/java/com/flatirons/insight/scenario/MdcrSyntheticArchiveBoundaryScenarioTest.java:[169,29] TransactionInterceptor(org.springframework.transaction.PlatformTransactionManager,org.springframework.transaction.interceptor.TransactionAttributeSource) in org.springframework.transaction.interceptor.TransactionInterceptor has been deprecated
[WARNING] /Users/kylewesley/.workq-pool/bases/insight-server/cow-clones/workq_wi_bec92738-11c3-4684-8347-2a580910dd49/insight-service/src/test/java/com/flatirons/insight/scenario/MdcrSyntheticArchiveBoundaryScenarioTest.java:[417,25] TransactionInterceptor(org.springframework.transaction.PlatformTransactionManager,org.springframework.transaction.interceptor.TransactionAttributeSource) in org.springframework.transaction.interceptor.TransactionInterceptor has been deprecated
[WARNING] /Users/kylewesley/.workq-pool/bases/insight-server/cow-clones/workq_wi_bec92738-11c3-4684-8347-2a580910dd49/insight-service/src/test/java/com/flatirons/insight/service/runtime/WorkflowDocumentScenarioSupport.java:[70,25] TransactionInterceptor(org.springframework.transaction.PlatformTransactionManager,org.springframework.transaction.interceptor.TransactionAttributeSource) in org.springframework.transaction.interceptor.TransactionInterceptor has been deprecated
[WARNING] /Users/kylewesley/.workq-pool/bases/insight-server/cow-clones/workq_wi_bec92738-11c3-4684-8347-2a580910dd49/insight-service/src/test/java/com/flatirons/insight/scenario/ArchivePublicationScenarioTestBase.java:[123,36] TransactionInterceptor(org.springframework.transaction.PlatformTransactionManager,org.springframework.transaction.interceptor.TransactionAttributeSource) in org.springframework.transaction.interceptor.TransactionInterceptor has been deprecated
[WARNING] /Users/kylewesley/.workq-pool/bases/insight-server/cow-clones/workq_wi_bec92738-11c3-4684-8347-2a580910dd49/insight-service/src/test/java/com/flatirons/insight/scenario/ArchivePublicationScenarioTestBase.java:[134,31] TransactionInterceptor(org.springframework.transaction.PlatformTransactionManager,org.springframework.transaction.interceptor.TransactionAttributeSource) in org.springframework.transaction.interceptor.TransactionInterceptor has been deprecated
[WARNING] /Users/kylewesley/.workq-pool/bases/insight-server/cow-clones/workq_wi_bec92738-11c3-4684-8347-2a580910dd49/insight-service/src/test/java/com/flatirons/insight/scenario/ArchivedTaskFormScenarioTest.java:[118,29] TransactionInterceptor(org.springframework.transaction.PlatformTransactionManager,org.springframework.transaction.interceptor.TransactionAttributeSource) in org.springframework.transaction.interceptor.TransactionInterceptor has been deprecated
[WARNING] /Users/kylewesley/.workq-pool/bases/insight-server/cow-clones/workq_wi_bec92738-11c3-4684-8347-2a580910dd49/insight-service/src/test/java/com/flatirons/insight/scenario/ArchivedTaskFormScenarioTest.java:[135,25] TransactionInterceptor(org.springframework.transaction.PlatformTransactionManager,org.springframework.transaction.interceptor.TransactionAttributeSource) in org.springframework.transaction.interceptor.TransactionInterceptor has been deprecated
[WARNING] /Users/kylewesley/.workq-pool/bases/insight-server/cow-clones/workq_wi_bec92738-11c3-4684-8347-2a580910dd49/insight-service/src/test/java/com/flatirons/insight/scenario/CustomerAnalysisJourneyFixture.java:[110,25] TransactionInterceptor(org.springframework.transaction.PlatformTransactionManager,org.springframework.transaction.interceptor.TransactionAttributeSource) in org.springframework.transaction.interceptor.TransactionInterceptor has been deprecated
[WARNING] /Users/kylewesley/.workq-pool/bases/insight-server/cow-clones/workq_wi_bec92738-11c3-4684-8347-2a580910dd49/insight-service/src/test/java/com/flatirons/insight/scenario/FormAppFullJourneyScenarioTest.java:[85,27] TransactionInterceptor(org.springframework.transaction.PlatformTransactionManager,org.springframework.transaction.interceptor.TransactionAttributeSource) in org.springframework.transaction.interceptor.TransactionInterceptor has been deprecated
[WARNING] /Users/kylewesley/.workq-pool/bases/insight-server/cow-clones/workq_wi_bec92738-11c3-4684-8347-2a580910dd49/insight-service/src/test/java/com/flatirons/insight/scenario/SafranFeedbackJourneyScenarioTest.java:[131,22] TransactionInterceptor(org.springframework.transaction.PlatformTransactionManager,org.springframework.transaction.interceptor.TransactionAttributeSource) in org.springframework.transaction.interceptor.TransactionInterceptor has been deprecated
[WARNING] /Users/kylewesley/.workq-pool/bases/insight-server/cow-clones/workq_wi_bec92738-11c3-4684-8347-2a580910dd49/insight-service/src/test/java/com/flatirons/insight/scenario/RelatedContentAuthorizationScenarioTest.java:[83,25] TransactionInterceptor(org.springframework.transaction.PlatformTransactionManager,org.springframework.transaction.interceptor.TransactionAttributeSource) in org.springframework.transaction.interceptor.TransactionInterceptor has been deprecated
[WARNING] /Users/kylewesley/.workq-pool/bases/insight-server/cow-clones/workq_wi_bec92738-11c3-4684-8347-2a580910dd49/insight-service/src/test/java/com/flatirons/insight/scenario/FormAppFormSubmissionScenarioTest.java:[176,20] fields() in com.fasterxml.jackson.databind.JsonNode has been deprecated
[INFO] /Users/kylewesley/.workq-pool/bases/insight-server/cow-clones/workq_wi_bec92738-11c3-4684-8347-2a580910dd49/insight-service/src/test/java/com/flatirons/insight/service/rmq/RmqEventListenerImplTest.java: Some input files use unchecked or unsafe operations.
[INFO] /Users/kylewesley/.workq-pool/bases/insight-server/cow-clones/workq_wi_bec92738-11c3-4684-8347-2a580910dd49/insight-service/src/test/java/com/flatirons/insight/service/rmq/RmqEventListenerImplTest.java: Recompile with -Xlint:unchecked for details.
[INFO] 
[INFO] --- jar:3.3.0:test-jar (shared-scenario-test-support) @ insight-service ---
[INFO] Building jar: /Users/kylewesley/.workq-pool/bases/insight-server/cow-clones/workq_wi_bec92738-11c3-4684-8347-2a580910dd49/insight-service/target/insight-service-999.999-kwesley-analysis-journey-spines-SNAPSHOT-tests.jar
[INFO] 
[INFO] --- surefire:3.1.2:test (default-test) @ insight-service ---
[INFO] Using auto detected provider org.apache.maven.surefire.junitplatform.JUnitPlatformProvider
[INFO] 
[INFO] -------------------------------------------------------
[INFO]  T E S T S
[INFO] -------------------------------------------------------
Picked up JAVA_TOOL_OPTIONS: -Djava.awt.headless=true
[INFO] Running com.flatirons.insight.scenario.WorkflowAnalysisOperationsScenarioTest
OpenJDK 64-Bit Server VM warning: Sharing is only supported for boot loader classes because bootstrap classpath has been appended
[INFO] Tests run: 3, Failures: 0, Errors: 0, Skipped: 0, Time elapsed: 18.90 s -- in com.flatirons.insight.scenario.WorkflowAnalysisOperationsScenarioTest
[INFO] 
[INFO] Results:
[INFO] 
[INFO] Tests run: 3, Failures: 0, Errors: 0, Skipped: 0
[INFO] 
[INFO] 
[INFO] -----------------< com.flatirons.insight:insight-rest >-----------------
[INFO] Building Insight - REST 999.999-kwesley-analysis-journey-spines-SNAPSHOT [7/7]
[INFO]   from insight-rest/pom.xml
[INFO] --------------------------------[ jar ]---------------------------------
[INFO] 
[INFO] --- antrun:3.1.0:run (clear-customer-http-results) @ insight-rest ---
[INFO] Executing tasks
[INFO] Executed tasks
[INFO] 
[INFO] --- jacoco:0.8.12:prepare-agent (prepare-agent) @ insight-rest ---
[INFO] argLine set to -javaagent:/Users/kylewesley/.workq-pool/bases/insight-server/cow-clones/workq_wi_bec92738-11c3-4684-8347-2a580910dd49/.workq/maven-repository/org/jacoco/org.jacoco.agent/0.8.12/org.jacoco.agent-0.8.12-runtime.jar=destfile=/Users/kylewesley/.workq-pool/bases/insight-server/cow-clones/workq_wi_bec92738-11c3-4684-8347-2a580910dd49/insight-rest/target/jacoco.exec
[INFO] 
[INFO] --- git-versioning-extension:5.2.0:git-versioning (git-versioning) @ insight-rest ---
[INFO] Generating git versioned POM
[INFO] 
[INFO] --- resources:3.3.0:resources (default-resources) @ insight-rest ---
[INFO] skip non existing resourceDirectory /Users/kylewesley/.workq-pool/bases/insight-server/cow-clones/workq_wi_bec92738-11c3-4684-8347-2a580910dd49/insight-rest/src/main/resources
[INFO] 
[INFO] --- compiler:3.11.0:compile (default-compile) @ insight-rest ---
[WARNING]  Parameter 'optimize' (user property 'maven.compiler.optimize') is deprecated: This property is a no-op in javac.
[INFO] Nothing to compile - all classes are up to date
[INFO] 
[INFO] --- resources:3.3.0:copy-resources (copy-test-resources) @ insight-rest ---
[INFO] skip non existing resourceDirectory /Users/kylewesley/.workq-pool/bases/insight-server/cow-clones/workq_wi_bec92738-11c3-4684-8347-2a580910dd49/insight-rest/../etc-package/src/test/resources
[INFO] 
[INFO] --- resources:3.3.0:testResources (default-testResources) @ insight-rest ---
[INFO] skip non existing resourceDirectory /Users/kylewesley/.workq-pool/bases/insight-server/cow-clones/workq_wi_bec92738-11c3-4684-8347-2a580910dd49/insight-rest/src/test/resources
[INFO] 
[INFO] --- compiler:3.11.0:testCompile (default-testCompile) @ insight-rest ---
[WARNING]  Parameter 'optimize' (user property 'maven.compiler.optimize') is deprecated: This property is a no-op in javac.
[INFO] Changes detected - recompiling the module! :dependency
[INFO] Compiling 30 source files with javac [debug optimize deprecation release 21] to target/test-classes
[WARNING] /Users/kylewesley/.workq-pool/bases/insight-server/cow-clones/workq_wi_bec92738-11c3-4684-8347-2a580910dd49/insight-rest/src/test/java/com/flatirons/insight/rest/internal/form/FormAppFormControllerTest.java:[61,32] TransactionInterceptor(org.springframework.transaction.PlatformTransactionManager,org.springframework.transaction.interceptor.TransactionAttributeSource) in org.springframework.transaction.interceptor.TransactionInterceptor has been deprecated
[WARNING] /Users/kylewesley/.workq-pool/bases/insight-server/cow-clones/workq_wi_bec92738-11c3-4684-8347-2a580910dd49/insight-rest/src/test/java/com/flatirons/insight/scenario/CustomerWorkflowHttpSmokeTest.java:[1233,24] TransactionInterceptor(org.springframework.transaction.PlatformTransactionManager,org.springframework.transaction.interceptor.TransactionAttributeSource) in org.springframework.transaction.interceptor.TransactionInterceptor has been deprecated
[WARNING] /Users/kylewesley/.workq-pool/bases/insight-server/cow-clones/workq_wi_bec92738-11c3-4684-8347-2a580910dd49/insight-rest/src/test/java/com/flatirons/insight/scenario/TaskSignatureScenarioTest.java:[469,20] TransactionInterceptor(org.springframework.transaction.PlatformTransactionManager,org.springframework.transaction.interceptor.TransactionAttributeSource) in org.springframework.transaction.interceptor.TransactionInterceptor has been deprecated
[INFO] /Users/kylewesley/.workq-pool/bases/insight-server/cow-clones/workq_wi_bec92738-11c3-4684-8347-2a580910dd49/insight-rest/src/test/java/com/flatirons/insight/rest/internal/runtime/ProcessInstanceControllerTest.java: Some input files use unchecked or unsafe operations.
[INFO] /Users/kylewesley/.workq-pool/bases/insight-server/cow-clones/workq_wi_bec92738-11c3-4684-8347-2a580910dd49/insight-rest/src/test/java/com/flatirons/insight/rest/internal/runtime/ProcessInstanceControllerTest.java: Recompile with -Xlint:unchecked for details.
[INFO] 
[INFO] --- surefire:3.1.2:test (default-test) @ insight-rest ---
[INFO] Using auto detected provider org.apache.maven.surefire.junitplatform.JUnitPlatformProvider
[INFO] 
[INFO] -------------------------------------------------------
[INFO]  T E S T S
[INFO] -------------------------------------------------------
Picked up JAVA_TOOL_OPTIONS: -Djava.awt.headless=true
[INFO] Running com.flatirons.insight.scenario.AnalysisTaskAuthorityControllerTest
[INFO] Tests run: 28, Failures: 0, Errors: 0, Skipped: 0, Time elapsed: 239.0 s -- in com.flatirons.insight.scenario.AnalysisTaskAuthorityControllerTest
[INFO] 
[INFO] Results:
[INFO] 
[INFO] Tests run: 28, Failures: 0, Errors: 0, Skipped: 0
[INFO] 
[INFO] ------------------------------------------------------------------------
[INFO] Reactor Summary for Insight Server 999.999-kwesley-analysis-journey-spines-SNAPSHOT:
[INFO] 
[INFO] Insight Server ..................................... SUCCESS [  0.101 s]
[INFO] Insight - API ...................................... SUCCESS [  1.132 s]
[INFO] Insight - Spring Configuration ..................... SUCCESS [  0.174 s]
[INFO] Insight - Model .................................... SUCCESS [  0.090 s]
[INFO] Insight - Entity and Repository .................... SUCCESS [  0.169 s]
[INFO] Insight - Service .................................. SUCCESS [ 28.603 s]
[INFO] Insight - REST ..................................... SUCCESS [04:01 min]
[INFO] ------------------------------------------------------------------------
[INFO] BUILD SUCCESS
[INFO] ------------------------------------------------------------------------
[INFO] Total time:  04:32 min
[INFO] Finished at: 2026-10-10T01:32:07-06:00
[INFO] ------------------------------------------------------------------------
