[INFO] Scanning for projects...
[INFO] 
[INFO] ----------------- maven-git-versioning-extension:5.2.0 -----------------
[INFO] Adjusting project models...
[INFO] 
[INFO] --- com.flatirons.insight:insight-root @ branch kwesley/mdcr-document-delivery ---
[INFO] project version: 999.999-kwesley-mdcr-document-delivery-SNAPSHOT
[INFO] properties:
[INFO]   flatirons.versionRange: [0-${flatirons.parentBranch}-SNAPSHOT, 0-${flatirons.parentBranch}-Z-SNAPSHOT),[999.999-kwesley-mdcr-document-delivery-SNAPSHOT,999.999-kwesley-mdcr-document-delivery-Z-SNAPSHOT)
[INFO] 
[INFO] --- com.flatirons.insight:insight-config @ branch kwesley/mdcr-document-delivery ---
[INFO] parent version: 999.999-kwesley-mdcr-document-delivery-SNAPSHOT
[INFO] 
[INFO] --- com.flatirons.insight:insight-model @ branch kwesley/mdcr-document-delivery ---
[INFO] parent version: 999.999-kwesley-mdcr-document-delivery-SNAPSHOT
[INFO] 
[INFO] --- com.flatirons.insight:insight-dao @ branch kwesley/mdcr-document-delivery ---
[INFO] parent version: 999.999-kwesley-mdcr-document-delivery-SNAPSHOT
[INFO] 
[INFO] --- com.flatirons.insight:insight-rest @ branch kwesley/mdcr-document-delivery ---
[INFO] parent version: 999.999-kwesley-mdcr-document-delivery-SNAPSHOT
[INFO] 
[INFO] --- com.flatirons.insight:insight-service @ branch kwesley/mdcr-document-delivery ---
[INFO] parent version: 999.999-kwesley-mdcr-document-delivery-SNAPSHOT
[INFO] properties:
[INFO] 
[INFO] --- com.flatirons.insight:insight-api @ branch kwesley/mdcr-document-delivery ---
[INFO] parent version: 999.999-kwesley-mdcr-document-delivery-SNAPSHOT
[INFO] 
[INFO] --- com.flatirons.insight:insight-package @ branch kwesley/mdcr-document-delivery ---
[INFO] parent version: 999.999-kwesley-mdcr-document-delivery-SNAPSHOT
[INFO] 
[INFO] ------------------------------------------------------------------------
[INFO] Reactor Build Order:
[INFO] 
[INFO] Insight Server                                                     [pom]
[INFO] Insight - API                                                      [jar]
[INFO] Insight - Spring Configuration                                     [jar]
[INFO] Insight - Model                                                    [jar]
[INFO] Insight - Entity and Repository                                    [jar]
[INFO] Insight - Service                                                  [jar]
[INFO] 
[INFO] -----------------< com.flatirons.insight:insight-root >-----------------
[INFO] Building Insight Server 999.999-kwesley-mdcr-document-delivery-SNAPSHOT [1/6]
[INFO]   from pom.xml
[INFO] --------------------------------[ pom ]---------------------------------
[INFO] 
[INFO] --- git-versioning-extension:5.2.0:git-versioning (git-versioning) @ insight-root ---
[INFO] Generating git versioned POM
[INFO] 
[INFO] -----------------< com.flatirons.insight:insight-api >------------------
[INFO] Building Insight - API 999.999-kwesley-mdcr-document-delivery-SNAPSHOT [2/6]
[INFO]   from insight-api/pom.xml
[INFO] --------------------------------[ jar ]---------------------------------
[INFO] 
[INFO] --- jacoco:0.8.12:prepare-agent (prepare-agent) @ insight-api ---
[INFO] argLine set to -javaagent:/tmp/mdcr-m2/org/jacoco/org.jacoco.agent/0.8.12/org.jacoco.agent-0.8.12-runtime.jar=destfile=/Users/kylewesley/.workq-pool/bases/insight-server/cow-clones/workq_wi_0e7624d0-7930-4925-9aaa-8ca6e4e25728/insight-api/target/jacoco.exec
[INFO] 
[INFO] --- git-versioning-extension:5.2.0:git-versioning (git-versioning) @ insight-api ---
[INFO] Generating git versioned POM
[INFO] 
[INFO] --- resources:3.3.0:resources (default-resources) @ insight-api ---
[INFO] skip non existing resourceDirectory /Users/kylewesley/.workq-pool/bases/insight-server/cow-clones/workq_wi_0e7624d0-7930-4925-9aaa-8ca6e4e25728/insight-api/src/main/resources
[INFO] 
[INFO] --- compiler:3.11.0:compile (default-compile) @ insight-api ---
[WARNING]  Parameter 'optimize' (user property 'maven.compiler.optimize') is deprecated: This property is a no-op in javac.
[INFO] Nothing to compile - all classes are up to date
[INFO] 
[INFO] --- resources:3.3.0:testResources (default-testResources) @ insight-api ---
[INFO] skip non existing resourceDirectory /Users/kylewesley/.workq-pool/bases/insight-server/cow-clones/workq_wi_0e7624d0-7930-4925-9aaa-8ca6e4e25728/insight-api/src/test/resources
[INFO] 
[INFO] --- compiler:3.11.0:testCompile (default-testCompile) @ insight-api ---
[WARNING]  Parameter 'optimize' (user property 'maven.compiler.optimize') is deprecated: This property is a no-op in javac.
[INFO] Nothing to compile - all classes are up to date
[INFO] 
[INFO] --- surefire:3.1.2:test (default-test) @ insight-api ---
[INFO] 
[INFO] ----------------< com.flatirons.insight:insight-config >----------------
[INFO] Building Insight - Spring Configuration 999.999-kwesley-mdcr-document-delivery-SNAPSHOT [3/6]
[INFO]   from insight-config/pom.xml
[INFO] --------------------------------[ jar ]---------------------------------
[INFO] 
[INFO] --- jacoco:0.8.12:prepare-agent (prepare-agent) @ insight-config ---
[INFO] argLine set to -javaagent:/tmp/mdcr-m2/org/jacoco/org.jacoco.agent/0.8.12/org.jacoco.agent-0.8.12-runtime.jar=destfile=/Users/kylewesley/.workq-pool/bases/insight-server/cow-clones/workq_wi_0e7624d0-7930-4925-9aaa-8ca6e4e25728/insight-config/target/jacoco.exec
[INFO] 
[INFO] --- git-versioning-extension:5.2.0:git-versioning (git-versioning) @ insight-config ---
[INFO] Generating git versioned POM
[INFO] 
[INFO] --- resources:3.3.0:resources (default-resources) @ insight-config ---
[INFO] skip non existing resourceDirectory /Users/kylewesley/.workq-pool/bases/insight-server/cow-clones/workq_wi_0e7624d0-7930-4925-9aaa-8ca6e4e25728/insight-config/src/main/resources
[INFO] 
[INFO] --- compiler:3.11.0:compile (default-compile) @ insight-config ---
[WARNING]  Parameter 'optimize' (user property 'maven.compiler.optimize') is deprecated: This property is a no-op in javac.
[INFO] Nothing to compile - all classes are up to date
[INFO] 
[INFO] --- resources:3.3.0:testResources (default-testResources) @ insight-config ---
[INFO] skip non existing resourceDirectory /Users/kylewesley/.workq-pool/bases/insight-server/cow-clones/workq_wi_0e7624d0-7930-4925-9aaa-8ca6e4e25728/insight-config/src/test/resources
[INFO] 
[INFO] --- compiler:3.11.0:testCompile (default-testCompile) @ insight-config ---
[WARNING]  Parameter 'optimize' (user property 'maven.compiler.optimize') is deprecated: This property is a no-op in javac.
[INFO] Nothing to compile - all classes are up to date
[INFO] 
[INFO] --- surefire:3.1.2:test (default-test) @ insight-config ---
[INFO] 
[INFO] ----------------< com.flatirons.insight:insight-model >-----------------
[INFO] Building Insight - Model 999.999-kwesley-mdcr-document-delivery-SNAPSHOT [4/6]
[INFO]   from insight-model/pom.xml
[INFO] --------------------------------[ jar ]---------------------------------
[INFO] 
[INFO] --- jacoco:0.8.12:prepare-agent (prepare-agent) @ insight-model ---
[INFO] argLine set to -javaagent:/tmp/mdcr-m2/org/jacoco/org.jacoco.agent/0.8.12/org.jacoco.agent-0.8.12-runtime.jar=destfile=/Users/kylewesley/.workq-pool/bases/insight-server/cow-clones/workq_wi_0e7624d0-7930-4925-9aaa-8ca6e4e25728/insight-model/target/jacoco.exec
[INFO] 
[INFO] --- git-versioning-extension:5.2.0:git-versioning (git-versioning) @ insight-model ---
[INFO] Generating git versioned POM
[INFO] 
[INFO] --- resources:3.3.0:resources (default-resources) @ insight-model ---
[INFO] skip non existing resourceDirectory /Users/kylewesley/.workq-pool/bases/insight-server/cow-clones/workq_wi_0e7624d0-7930-4925-9aaa-8ca6e4e25728/insight-model/src/main/resources
[INFO] 
[INFO] --- compiler:3.11.0:compile (default-compile) @ insight-model ---
[WARNING]  Parameter 'optimize' (user property 'maven.compiler.optimize') is deprecated: This property is a no-op in javac.
[INFO] Nothing to compile - all classes are up to date
[INFO] 
[INFO] --- resources:3.3.0:testResources (default-testResources) @ insight-model ---
[INFO] skip non existing resourceDirectory /Users/kylewesley/.workq-pool/bases/insight-server/cow-clones/workq_wi_0e7624d0-7930-4925-9aaa-8ca6e4e25728/insight-model/src/test/resources
[INFO] 
[INFO] --- compiler:3.11.0:testCompile (default-testCompile) @ insight-model ---
[WARNING]  Parameter 'optimize' (user property 'maven.compiler.optimize') is deprecated: This property is a no-op in javac.
[INFO] Nothing to compile - all classes are up to date
[INFO] 
[INFO] --- surefire:3.1.2:test (default-test) @ insight-model ---
[INFO] 
[INFO] -----------------< com.flatirons.insight:insight-dao >------------------
[INFO] Building Insight - Entity and Repository 999.999-kwesley-mdcr-document-delivery-SNAPSHOT [5/6]
[INFO]   from insight-dao/pom.xml
[INFO] --------------------------------[ jar ]---------------------------------
[INFO] 
[INFO] --- jacoco:0.8.12:prepare-agent (prepare-agent) @ insight-dao ---
[INFO] argLine set to -javaagent:/tmp/mdcr-m2/org/jacoco/org.jacoco.agent/0.8.12/org.jacoco.agent-0.8.12-runtime.jar=destfile=/Users/kylewesley/.workq-pool/bases/insight-server/cow-clones/workq_wi_0e7624d0-7930-4925-9aaa-8ca6e4e25728/insight-dao/target/jacoco.exec
[INFO] 
[INFO] --- git-versioning-extension:5.2.0:git-versioning (git-versioning) @ insight-dao ---
[INFO] Generating git versioned POM
[INFO] 
[INFO] --- resources:3.3.0:resources (default-resources) @ insight-dao ---
[INFO] Copying 27 resources
[INFO] 
[INFO] --- compiler:3.11.0:compile (default-compile) @ insight-dao ---
[WARNING]  Parameter 'optimize' (user property 'maven.compiler.optimize') is deprecated: This property is a no-op in javac.
[INFO] Nothing to compile - all classes are up to date
[INFO] 
[INFO] --- resources:3.3.0:testResources (default-testResources) @ insight-dao ---
[INFO] skip non existing resourceDirectory /Users/kylewesley/.workq-pool/bases/insight-server/cow-clones/workq_wi_0e7624d0-7930-4925-9aaa-8ca6e4e25728/insight-dao/src/test/resources
[INFO] 
[INFO] --- compiler:3.11.0:testCompile (default-testCompile) @ insight-dao ---
[WARNING]  Parameter 'optimize' (user property 'maven.compiler.optimize') is deprecated: This property is a no-op in javac.
[INFO] Nothing to compile - all classes are up to date
[INFO] 
[INFO] --- surefire:3.1.2:test (default-test) @ insight-dao ---
[INFO] 
[INFO] ---------------< com.flatirons.insight:insight-service >----------------
[INFO] Building Insight - Service 999.999-kwesley-mdcr-document-delivery-SNAPSHOT [6/6]
[INFO]   from insight-service/pom.xml
[INFO] --------------------------------[ jar ]---------------------------------
[INFO] 
[INFO] --- antrun:3.1.0:run (clear-customer-parity-results) @ insight-service ---
[INFO] Skipping Antrun execution
[INFO] 
[INFO] --- jacoco:0.8.12:prepare-agent (prepare-agent) @ insight-service ---
[INFO] argLine set to -javaagent:/tmp/mdcr-m2/org/jacoco/org.jacoco.agent/0.8.12/org.jacoco.agent-0.8.12-runtime.jar=destfile=/Users/kylewesley/.workq-pool/bases/insight-server/cow-clones/workq_wi_0e7624d0-7930-4925-9aaa-8ca6e4e25728/insight-service/target/jacoco.exec
[INFO] 
[INFO] --- git-versioning-extension:5.2.0:git-versioning (git-versioning) @ insight-service ---
[INFO] Generating git versioned POM
[INFO] 
[INFO] --- build-helper:3.2.0:add-source (add-generated) @ insight-service ---
[INFO] Source directory: /Users/kylewesley/.workq-pool/bases/insight-server/cow-clones/workq_wi_0e7624d0-7930-4925-9aaa-8ca6e4e25728/insight-service/target/generated-sources/annotations added.
[INFO] 
[INFO] --- resources:3.3.0:resources (default-resources) @ insight-service ---
[INFO] Copying 6 resources
[INFO] 
[INFO] --- compiler:3.11.0:compile (default-compile) @ insight-service ---
[WARNING]  Parameter 'optimize' (user property 'maven.compiler.optimize') is deprecated: This property is a no-op in javac.
[INFO] Nothing to compile - all classes are up to date
[INFO] 
[INFO] --- resources:3.3.0:copy-resources (copy-test-resources) @ insight-service ---
[INFO] skip non existing resourceDirectory /Users/kylewesley/.workq-pool/bases/insight-server/cow-clones/workq_wi_0e7624d0-7930-4925-9aaa-8ca6e4e25728/insight-service/../etc-package/src/test/resources
[INFO] 
[INFO] --- resources:3.3.0:testResources (default-testResources) @ insight-service ---
[INFO] Copying 42 resources
[INFO] 
[INFO] --- compiler:3.11.0:testCompile (default-testCompile) @ insight-service ---
[WARNING]  Parameter 'optimize' (user property 'maven.compiler.optimize') is deprecated: This property is a no-op in javac.
[INFO] Changes detected - recompiling the module! :source
[INFO] Compiling 91 source files with javac [debug optimize deprecation release 21] to target/test-classes
[WARNING] The following options were not recognized by any processor: '[mapstruct.defaultComponentModel]'
[WARNING] /Users/kylewesley/.workq-pool/bases/insight-server/cow-clones/workq_wi_0e7624d0-7930-4925-9aaa-8ca6e4e25728/insight-service/src/test/java/com/flatirons/insight/scenario/ArchivePublicationScenarioTestBase.java:[110,36] TransactionInterceptor(org.springframework.transaction.PlatformTransactionManager,org.springframework.transaction.interceptor.TransactionAttributeSource) in org.springframework.transaction.interceptor.TransactionInterceptor has been deprecated
[WARNING] /Users/kylewesley/.workq-pool/bases/insight-server/cow-clones/workq_wi_0e7624d0-7930-4925-9aaa-8ca6e4e25728/insight-service/src/test/java/com/flatirons/insight/scenario/ArchivePublicationScenarioTestBase.java:[121,31] TransactionInterceptor(org.springframework.transaction.PlatformTransactionManager,org.springframework.transaction.interceptor.TransactionAttributeSource) in org.springframework.transaction.interceptor.TransactionInterceptor has been deprecated
[WARNING] /Users/kylewesley/.workq-pool/bases/insight-server/cow-clones/workq_wi_0e7624d0-7930-4925-9aaa-8ca6e4e25728/insight-service/src/test/java/com/flatirons/insight/scenario/RelatedContentAuthorizationScenarioTest.java:[73,25] TransactionInterceptor(org.springframework.transaction.PlatformTransactionManager,org.springframework.transaction.interceptor.TransactionAttributeSource) in org.springframework.transaction.interceptor.TransactionInterceptor has been deprecated
[WARNING] /Users/kylewesley/.workq-pool/bases/insight-server/cow-clones/workq_wi_0e7624d0-7930-4925-9aaa-8ca6e4e25728/insight-service/src/test/java/com/flatirons/insight/scenario/ArchivedTaskFormScenarioTest.java:[118,29] TransactionInterceptor(org.springframework.transaction.PlatformTransactionManager,org.springframework.transaction.interceptor.TransactionAttributeSource) in org.springframework.transaction.interceptor.TransactionInterceptor has been deprecated
[WARNING] /Users/kylewesley/.workq-pool/bases/insight-server/cow-clones/workq_wi_0e7624d0-7930-4925-9aaa-8ca6e4e25728/insight-service/src/test/java/com/flatirons/insight/scenario/ArchivedTaskFormScenarioTest.java:[135,25] TransactionInterceptor(org.springframework.transaction.PlatformTransactionManager,org.springframework.transaction.interceptor.TransactionAttributeSource) in org.springframework.transaction.interceptor.TransactionInterceptor has been deprecated
[WARNING] /Users/kylewesley/.workq-pool/bases/insight-server/cow-clones/workq_wi_0e7624d0-7930-4925-9aaa-8ca6e4e25728/insight-service/src/test/java/com/flatirons/insight/scenario/WorkflowAnalysisScenarioTest.java:[311,31] fields() in com.fasterxml.jackson.databind.JsonNode has been deprecated
[WARNING] /Users/kylewesley/.workq-pool/bases/insight-server/cow-clones/workq_wi_0e7624d0-7930-4925-9aaa-8ca6e4e25728/insight-service/src/test/java/com/flatirons/insight/scenario/WorkflowAnalysisScenarioTest.java:[316,35] fields() in com.fasterxml.jackson.databind.JsonNode has been deprecated
[WARNING] /Users/kylewesley/.workq-pool/bases/insight-server/cow-clones/workq_wi_0e7624d0-7930-4925-9aaa-8ca6e4e25728/insight-service/src/test/java/com/flatirons/insight/scenario/WorkflowAnalysisScenarioTest.java:[337,30] fields() in com.fasterxml.jackson.databind.JsonNode has been deprecated
[WARNING] /Users/kylewesley/.workq-pool/bases/insight-server/cow-clones/workq_wi_0e7624d0-7930-4925-9aaa-8ca6e4e25728/insight-service/src/test/java/com/flatirons/insight/scenario/FormAppFormSubmissionScenarioTest.java:[170,20] fields() in com.fasterxml.jackson.databind.JsonNode has been deprecated
[INFO] /Users/kylewesley/.workq-pool/bases/insight-server/cow-clones/workq_wi_0e7624d0-7930-4925-9aaa-8ca6e4e25728/insight-service/src/test/java/com/flatirons/insight/service/rmq/RmqEventListenerImplTest.java: Some input files use unchecked or unsafe operations.
[INFO] /Users/kylewesley/.workq-pool/bases/insight-server/cow-clones/workq_wi_0e7624d0-7930-4925-9aaa-8ca6e4e25728/insight-service/src/test/java/com/flatirons/insight/service/rmq/RmqEventListenerImplTest.java: Recompile with -Xlint:unchecked for details.
[INFO] 
[INFO] --- surefire:3.1.2:test (default-test) @ insight-service ---
[INFO] Using auto detected provider org.apache.maven.surefire.junitplatform.JUnitPlatformProvider
[INFO] 
[INFO] -------------------------------------------------------
[INFO]  T E S T S
[INFO] -------------------------------------------------------
[INFO] Running com.flatirons.insight.scenario.FormAppFormSubmissionScenarioTest
OpenJDK 64-Bit Server VM warning: Sharing is only supported for boot loader classes because bootstrap classpath has been appended
[INFO] Tests run: 17, Failures: 0, Errors: 0, Skipped: 0, Time elapsed: 24.00 s -- in com.flatirons.insight.scenario.FormAppFormSubmissionScenarioTest
[INFO] Running com.flatirons.insight.service.runtime.WorkflowDocumentBoundaryTest
[INFO] Tests run: 6, Failures: 0, Errors: 0, Skipped: 0, Time elapsed: 0.958 s -- in com.flatirons.insight.service.runtime.WorkflowDocumentBoundaryTest
[INFO] Running com.flatirons.insight.service.runtime.WorkflowDocumentPersistenceTest
[INFO] Tests run: 47, Failures: 0, Errors: 0, Skipped: 0, Time elapsed: 156.3 s -- in com.flatirons.insight.service.runtime.WorkflowDocumentPersistenceTest
[INFO] Running com.flatirons.insight.service.runtime.WorkflowHttpTransportTest
[INFO] Tests run: 1, Failures: 0, Errors: 0, Skipped: 0, Time elapsed: 0.532 s -- in com.flatirons.insight.service.runtime.WorkflowHttpTransportTest
[INFO] 
[INFO] Results:
[INFO] 
[INFO] Tests run: 71, Failures: 0, Errors: 0, Skipped: 0
[INFO] 
[INFO] ------------------------------------------------------------------------
[INFO] Reactor Summary for Insight Server 999.999-kwesley-mdcr-document-delivery-SNAPSHOT:
[INFO] 
[INFO] Insight Server ..................................... SUCCESS [  0.129 s]
[INFO] Insight - API ...................................... SUCCESS [  2.488 s]
[INFO] Insight - Spring Configuration ..................... SUCCESS [  0.386 s]
[INFO] Insight - Model .................................... SUCCESS [  0.368 s]
[INFO] Insight - Entity and Repository .................... SUCCESS [  0.431 s]
[INFO] Insight - Service .................................. SUCCESS [03:09 min]
[INFO] ------------------------------------------------------------------------
[INFO] BUILD SUCCESS
[INFO] ------------------------------------------------------------------------
[INFO] Total time:  03:14 min
[INFO] Finished at: 2026-10-08T20:50:43-06:00
[INFO] ------------------------------------------------------------------------
